%!Adobe-FontList 1.16
%Locale:0x409

%BeginFont
Handler:DirectoryHandler
FontType:Type1
FontName:UniversLTStd
FamilyName:Univers LT Std
StyleName:55 Roman
MenuName:Univers LT Std 55
StyleBits:0
WeightClass:400
WidthClass:5
AngleClass:0
FullName:Univers LT Std 55 Roman
WritingScript:Roman
OutlineFileName:\UniversLTStd.otf
DataFormat:sfntData
UsesStandardEncoding:yes
isCFF:yes
FileLength:35100
FileModTime:1187788626
DesignSize:120
NameArray:0,Mac,18,Univers LT Std 55
NameArray:0,Mac,4,Univers LT Std 55 Roman
NameArray:0,Win,1,Univers LT Std 55
NameArray:0,Win,16,Univers LT Std
%EndFont

%BeginFont
Handler:DirectoryHandler
FontType:Type1
FontName:UniversLTStd-Bold
FamilyName:Univers LT Std
StyleName:65 Bold
MenuName:Univers LT Std 45 Light
StyleBits:2
WeightClass:700
WidthClass:5
AngleClass:0
FullName:Univers LT Std 65 Bold
WritingScript:Roman
OutlineFileName:\UniversLTStd-Bold.otf
DataFormat:sfntData
UsesStandardEncoding:yes
isCFF:yes
FileLength:36368
FileModTime:1187788626
DesignSize:120
NameArray:0,Mac,4,Univers LT Std 65 Bold
NameArray:0,Win,1,Univers LT Std 45 Light
NameArray:0,Win,16,Univers LT Std
%EndFont

